{"logTime": "1007/000009", "correlationVector":"WV0c2iPh5EZJxXFtseYkSI.1","action":"SyncServerConnectionManagerRequest", "result":"SYNC_SERVER_OK", "context":{"environment":"Prod_eastus_prod-s01-056-nam-eastus", "migrationStage":"NotStarted", "server":"aksw2500100000f"}}
{"logTime": "1007/000009", "correlationVector":"WV0c2iPh5EZJxXFtseYkSI.2","action":"ProcessGetUpdates", "result":"Done", "context":{"dataType":"Encryption Keys", "deleted":"0", "process_failed_to_decrypt":"0", "process_pending_decryption":"0", "process_success":"1", "total":"1"}}
{"logTime": "1007/000009", "correlationVector":"syDOZsgaOS0DQBjlQNYPNN","action":"SyncServerConnectionManagerRequest", "result":"SYNC_SERVER_ERROR", "context":{"environment":"", "error_type":"http_status_code", "error_value":"400", "migrationStage":"", "server":""}}
{"logTime": "1007/000009", "correlationVector":"WV0c2iPh5EZJxXFtseYkSI","action":"Initial GetUpdates", "result":"", "context":Reason: NEW_CLIENT. cV=WV0c2iPh5EZJxXFtseYkSI}
{"logTime": "1007/000009", "correlationVector":"WV0c2iPh5EZJxXFtseYkSI.3","action":"GetUpdates Response", "result":"Success", "context":Received 1 update(s). cV=WV0c2iPh5EZJxXFtseYkSI.0;server=aksw2500100000f;cloudType=Consumer;environment=Prod_eastus_prod-s01-056-nam-eastus;migrationStage=NotStarted}
{"logTime": "1007/000009", "correlationVector":"q2ImFQOcoE6rxuqbdNWRDm","action":"Initial GetUpdates", "result":"", "context":Reason: NEW_CLIENT. cV=q2ImFQOcoE6rxuqbdNWRDm}
{"logTime": "1007/000009", "correlationVector":"q2ImFQOcoE6rxuqbdNWRDm.1","action":"SyncServerConnectionManagerRequest", "result":"SYNC_SERVER_OK", "context":{"environment":"Prod_eastus_prod-s01-056-nam-eastus", "migrationStage":"NotStarted", "server":"aksw2500100000f"}}
{"logTime": "1007/000009", "correlationVector":"q2ImFQOcoE6rxuqbdNWRDm.2","action":"ProcessGetUpdates", "result":"Done", "context":{"dataType":"Device Info", "deleted":"0", "process_failed_to_decrypt":"0", "process_pending_decryption":"0", "process_success":"6", "total":"6"}}
{"logTime": "1007/000009", "correlationVector":"q2ImFQOcoE6rxuqbdNWRDm.3","action":"GetUpdates Response", "result":"Success", "context":Received 6 update(s). cV=q2ImFQOcoE6rxuqbdNWRDm.0;server=aksw2500100000f;cloudType=Consumer;environment=Prod_eastus_prod-s01-056-nam-eastus;migrationStage=NotStarted}
{"logTime": "1007/000009", "correlationVector":"rAe54Jl9MM59WvG0CHLbP0","action":"SyncServerConnectionManagerRequest", "result":"SYNC_SERVER_ERROR", "context":{"environment":"", "error_type":"http_status_code", "error_value":"400", "migrationStage":"", "server":""}}
{"logTime": "1007/000009", "correlationVector":"jY5AmsfTWEx/INQK1RRGR7","action":"Initial GetUpdates", "result":"", "context":Reason: NEW_CLIENT. cV=jY5AmsfTWEx/INQK1RRGR7}
{"logTime": "1007/000010", "correlationVector":"jY5AmsfTWEx/INQK1RRGR7.1","action":"SyncServerConnectionManagerRequest", "result":"SYNC_SERVER_OK", "context":{"environment":"Prod_eastus_prod-s01-056-nam-eastus", "migrationStage":"NotStarted", "server":"aksw2500100000g"}}
{"logTime": "1007/000010", "correlationVector":"jY5AmsfTWEx/INQK1RRGR7.2","action":"ProcessGetUpdates", "result":"Done", "context":{"dataType":"Bookmarks", "deleted":"0", "process_failed_to_decrypt":"0", "process_pending_decryption":"0", "process_success":"46", "total":"46"}}
{"logTime": "1007/000010", "correlationVector":"jY5AmsfTWEx/INQK1RRGR7.3","action":"ProcessGetUpdates", "result":"Done", "context":{"dataType":"Preferences", "deleted":"0", "process_failed_to_decrypt":"0", "process_pending_decryption":"0", "process_success":"61", "total":"61"}}
{"logTime": "1007/000010", "correlationVector":"jY5AmsfTWEx/INQK1RRGR7.4","action":"ProcessGetUpdates", "result":"Done", "context":{"dataType":"Sessions", "deleted":"0", "process_failed_to_decrypt":"0", "process_pending_decryption":"0", "process_success":"1", "total":"1"}}
{"logTime": "1007/000010", "correlationVector":"jY5AmsfTWEx/INQK1RRGR7.5","action":"GetUpdates Response", "result":"Success", "context":Received 108 update(s). cV=jY5AmsfTWEx/INQK1RRGR7.0;server=aksw2500100000g;cloudType=Consumer;environment=Prod_eastus_prod-s01-056-nam-eastus;migrationStage=NotStarted}
{"logTime": "1007/000010", "correlationVector":"l7FCxythHcahnNDgt5Z8Ii","action":"SyncServerConnectionManagerRequest", "result":"SYNC_SERVER_ERROR", "context":{"environment":"", "error_type":"http_status_code", "error_value":"400", "migrationStage":"", "server":""}}
{"logTime": "1007/000010", "correlationVector":"LPAXdce9FPHO6N5PlP5SDL","action":"Initial GetUpdates", "result":"", "context":Reason: NEW_CLIENT. cV=LPAXdce9FPHO6N5PlP5SDL}
{"logTime": "1007/000010", "correlationVector":"LPAXdce9FPHO6N5PlP5SDL.1","action":"SyncServerConnectionManagerRequest", "result":"SYNC_SERVER_OK", "context":{"environment":"Prod_eastus2_prod-s01-050-nam-eastus2", "migrationStage":"NotStarted", "server":"aksw25001000012"}}
{"logTime": "1007/000010", "correlationVector":"LPAXdce9FPHO6N5PlP5SDL.2","action":"ProcessGetUpdates", "result":"Done", "context":{"dataType":"History", "deleted":"0", "process_failed_to_decrypt":"0", "process_pending_decryption":"0", "process_success":"1", "total":"1"}}
{"logTime": "1007/000010", "correlationVector":"LPAXdce9FPHO6N5PlP5SDL.3","action":"GetUpdates Response", "result":"Success", "context":Received 1 update(s). cV=LPAXdce9FPHO6N5PlP5SDL.0;server=aksw25001000012;cloudType=Consumer;environment=Prod_eastus2_prod-s01-050-nam-eastus2;migrationStage=NotStarted}
{"logTime": "1007/000011", "correlationVector":"c64MuWAPwYn7wi/3R808C/","action":"Normal GetUpdate request", "result":"", "context":cV=c64MuWAPwYn7wi/3R808C/
Nudged types: Sessions, Device Info, User Consents
Refresh requested types: Bookmarks, Preferences, Extensions, Sessions, Extension settings, History Delete Directives, Device Info, User Consents, Send Tab To Self, Web Apps, History, Saved Tab Group, WebAuthn Credentials, Edge Hub App Usage, Edge Workspace, Encryption Keys}
{"logTime": "1007/000011", "correlationVector":"c64MuWAPwYn7wi/3R808C/.1","action":"SyncServerConnectionManagerRequest", "result":"SYNC_SERVER_OK", "context":{"environment":"Prod_eastus_prod-s01-056-nam-eastus", "migrationStage":"NotStarted", "server":"aksw2500100000h"}}
{"logTime": "1007/000011", "correlationVector":"c64MuWAPwYn7wi/3R808C/.2","action":"GetUpdates Response", "result":"Success", "context":Received 0 update(s). cV=c64MuWAPwYn7wi/3R808C/.0;server=aksw2500100000h;cloudType=Consumer;environment=Prod_eastus_prod-s01-056-nam-eastus;migrationStage=NotStarted}
{"logTime": "1007/000011", "correlationVector":"V2mn2FBIZS0fMj96jnT6am","action":"DoCompareDataConsistency requsted types: ", "result":"Bookmarks, Preferences, Extensions, Extension settings, History Delete Directives, Send Tab To Self, Web Apps, History, Saved Tab Group, WebAuthn Credentials, Edge Workspace, Encryption Keys"}
{"logTime": "1007/000011", "correlationVector":"V2mn2FBIZS0fMj96jnT6am.0","action":"CompareDataConsistency result: ", "result":"Compare result: Encryption Keys is consistent. local entities count is: 1 local entities hash is: VW1ZmujAW6iuHN1rxZLFaw6tV8w="}
{"logTime": "1007/000011", "correlationVector":"V2mn2FBIZS0fMj96jnT6am.1","action":"CompareDataConsistency result: ", "result":"Compare result: Bookmarks is consistent. local entities count is: 40 local entities hash is: uo25ztzEPLfoL0k9ht2aw4JXh6k="}
{"logTime": "1007/000011", "correlationVector":"V2mn2FBIZS0fMj96jnT6am.2","action":"CompareDataConsistency result: ", "result":"Compare result: Preferences is consistent. local entities count is: 61 local entities hash is: Nn8pdXYQleydehmYfJ/FGRc9zQ8="}
{"logTime": "1007/000011", "correlationVector":"V2mn2FBIZS0fMj96jnT6am.3","action":"CompareDataConsistency result: ", "result":"Compare result: Extensions is consistent. local entities count is: 0 local entities hash is: "}
{"logTime": "1007/000011", "correlationVector":"V2mn2FBIZS0fMj96jnT6am.4","action":"CompareDataConsistency result: ", "result":"Compare result: Extension settings is consistent. local entities count is: 0 local entities hash is: "}
{"logTime": "1007/000011", "correlationVector":"V2mn2FBIZS0fMj96jnT6am.5","action":"CompareDataConsistency result: ", "result":"Compare result: History Delete Directives is consistent. local entities count is: 0 local entities hash is: "}
{"logTime": "1007/000011", "correlationVector":"V2mn2FBIZS0fMj96jnT6am.6","action":"CompareDataConsistency result: ", "result":"Server did not send this Send Tab To Self local entities count is: 0 local entities hash is: "}
{"logTime": "1007/000011", "correlationVector":"V2mn2FBIZS0fMj96jnT6am.7","action":"CompareDataConsistency result: ", "result":"Compare result: Web Apps is consistent. local entities count is: 0 local entities hash is: "}
{"logTime": "1007/000011", "correlationVector":"V2mn2FBIZS0fMj96jnT6am.8","action":"CompareDataConsistency result: ", "result":"Server did not send this History local entities count is: 0 local entities hash is: "}
{"logTime": "1007/000011", "correlationVector":"V2mn2FBIZS0fMj96jnT6am.9","action":"CompareDataConsistency result: ", "result":"Compare result: Saved Tab Group is consistent. local entities count is: 0 local entities hash is: "}
{"logTime": "1007/000011", "correlationVector":"V2mn2FBIZS0fMj96jnT6am.10","action":"CompareDataConsistency result: ", "result":"Server did not send this WebAuthn Credentials local entities count is: 0 local entities hash is: "}
{"logTime": "1007/000011", "correlationVector":"V2mn2FBIZS0fMj96jnT6am.11","action":"CompareDataConsistency result: ", "result":"Server did not send this Edge Workspace local entities count is: 0 local entities hash is: "}
{"logTime": "1007/000011", "correlationVector":"CO90ITyBDe+j7s/6mJwio1","action":"Commit Request", "result":"", "context":Item count: 3
Contributing types: Sessions, Device Info, User Consents}
{"logTime": "1007/000012", "correlationVector":"CO90ITyBDe+j7s/6mJwio1.1","action":"SyncServerConnectionManagerRequest", "result":"SYNC_SERVER_OK", "context":{"environment":"Prod_eastus2_prod-s01-050-nam-eastus2", "migrationStage":"NotStarted", "server":"aksw2500100001v"}}
{"logTime": "1007/000012", "correlationVector":"CO90ITyBDe+j7s/6mJwio1.2","action":"Commit Response", "result":"Success", "context":Result: Success. cV=CO90ITyBDe+j7s/6mJwio1.0;server=aksw2500100001v;cloudType=Consumer;environment=Prod_eastus2_prod-s01-050-nam-eastus2;migrationStage=NotStarted}
{"logTime": "1007/000012", "correlationVector":"","action":"DIAGNOSTIC_REQUEST|v1/diagnosticData/Diagnostic.SendCheckResult()|SUCCESS", "result":""}
