2026-10-07 00:00:07.776: [INFO][Sync] Reset engine, reason: 8
2026-10-07 00:00:07.776: [INFO][Sync] Stopped: Bookmarks
2026-10-07 00:00:07.776: [INFO][Sync] Stopped: Preferences
2026-10-07 00:00:07.776: [INFO][Sync] Stopped: Passwords
2026-10-07 00:00:07.776: [INFO][Sync] Stopped: Autofill Profiles
2026-10-07 00:00:07.776: [INFO][Sync] Stopped: Autofill
2026-10-07 00:00:07.776: [INFO][Sync] Stopped: Extensions
2026-10-07 00:00:07.776: [INFO][Sync] Stopped: Sessions
2026-10-07 00:00:07.776: [INFO][Sync] Stopped: Extension settings
2026-10-07 00:00:07.776: [INFO][Sync] Stopped: History Delete Directives
2026-10-07 00:00:07.776: [INFO][Sync] Stopped: Device Info
2026-10-07 00:00:07.776: [INFO][Sync] Stopped: User Consents
2026-10-07 00:00:07.776: [INFO][Sync] Stopped: Send Tab To Self
2026-10-07 00:00:07.776: [INFO][Sync] Stopped: Web Apps
2026-10-07 00:00:07.776: [INFO][Sync] Stopped: History
2026-10-07 00:00:07.776: [INFO][Sync] Stopped: Saved Tab Group
2026-10-07 00:00:07.776: [INFO][Sync] Stopped: WebAuthn Credentials
2026-10-07 00:00:07.776: [INFO][Sync] Stopped: Edge Hub App Usage
2026-10-07 00:00:07.776: [INFO][Sync] Stopped: Edge Journey
2026-10-07 00:00:07.776: [INFO][Sync] Stopped: Edge Workspace
2026-10-07 00:00:07.776: [INFO][Sync] SyncState after authenticated was: NotSignedIn
2026-10-07 00:00:07.907: [INFO][Sync] Reset engine, reason: 8
2026-10-07 00:00:07.907: [INFO][Sync] Stopped: Bookmarks
2026-10-07 00:00:07.907: [INFO][Sync] Stopped: Preferences
2026-10-07 00:00:07.907: [INFO][Sync] Stopped: Passwords
2026-10-07 00:00:07.907: [INFO][Sync] Stopped: Autofill Profiles
2026-10-07 00:00:07.907: [INFO][Sync] Stopped: Autofill
2026-10-07 00:00:07.907: [INFO][Sync] Stopped: Extensions
2026-10-07 00:00:07.907: [INFO][Sync] Stopped: Sessions
2026-10-07 00:00:07.907: [INFO][Sync] Stopped: Extension settings
2026-10-07 00:00:07.907: [INFO][Sync] Stopped: History Delete Directives
2026-10-07 00:00:07.907: [INFO][Sync] Stopped: Device Info
2026-10-07 00:00:07.907: [INFO][Sync] Stopped: User Consents
2026-10-07 00:00:07.907: [INFO][Sync] Stopped: Send Tab To Self
2026-10-07 00:00:07.907: [INFO][Sync] Stopped: Web Apps
2026-10-07 00:00:07.907: [INFO][Sync] Stopped: History
2026-10-07 00:00:07.907: [INFO][Sync] Stopped: Saved Tab Group
2026-10-07 00:00:07.907: [INFO][Sync] Stopped: WebAuthn Credentials
2026-10-07 00:00:07.907: [INFO][Sync] Stopped: Edge Hub App Usage
2026-10-07 00:00:07.907: [INFO][Sync] Stopped: Edge Journey
2026-10-07 00:00:07.907: [INFO][Sync] Stopped: Edge Workspace
2026-10-07 00:00:08.594: [INFO][Sync] Try to start sync engine
2026-10-07 00:00:08.594: [INFO][SyncManagerImpl::NudgeForInitialDownload] Initial download nudge for Encryption Keys
2026-10-07 00:00:08.594: [INFO][SyncEngineBackend::LoadAndConnectNigoriController] Load and connect Nigori controller
2026-10-07 00:00:08.594: [INFO][SyncEngineBackend::DoInitialize] Control Types added: Encryption Keys
2026-10-07 00:00:08.594: [INFO][SyncManagerImpl::ConfigureSyncer] Types to download: Encryption Keys with reason: 3
2026-10-07 00:00:08.594: [INFO][SyncSchedulerImpl::DoConfigurationSyncCycleJob] Configure job was blocked
2026-10-07 00:00:08.607: [INFO][SyncAuthManager::SetLastAuthError] Current auth error: None
2026-10-07 00:00:08.607: [INFO][SyncAuthManager::EdgeLogTokenErrorState] Token error with: None for account type: MSA
2026-10-07 00:00:08.607: [INFO][Sync] Credentials changed for: EdgeSyncScopeNew
2026-10-07 00:00:08.627: [INFO][SyncAuthManager::SetLastAuthError] Current auth error: None
2026-10-07 00:00:08.627: [INFO][SyncAuthManager::EdgeLogTokenErrorState] Token error with: None for account type: MSA
2026-10-07 00:00:08.627: [INFO][Sync] Credentials changed for: EdgeSyncKeyDataScope
2026-10-07 00:00:08.627: [INFO][SyncEngineBackend::DoUpdateKeyDataCredentials] Update key data credentials
2026-10-07 00:00:08.627: [INFO][SyncEngineBackend::DoUpdateCredentials] Update credentials
2026-10-07 00:00:08.627: [INFO][SyncSchedulerImpl::DoConfigurationSyncCycleJob] Blocked types:  and types to download: Encryption Keys
2026-10-07 00:00:09.034: [INFO][Sync] Started DataTypeManager configuration, reason: 4
2026-10-07 00:00:09.034: [INFO][Sync] Configuring for: Bookmarks, Preferences, Passwords, Autofill Profiles, Autofill, Extensions, Sessions, Extension settings, History Delete Directives, Device Info, User Consents, Send Tab To Self, Web Apps, History, Saved Tab Group, WebAuthn Credentials, Edge Hub App Usage, Edge Workspace, Encryption Keys, reason: 3, current state: 0
2026-10-07 00:00:09.034: [WARN][Sync] Crypto error data types: Passwords, Autofill Profiles, Autofill
2026-10-07 00:00:09.035: [INFO][Sync] Configure, desired: Bookmarks, Preferences, Extensions, Sessions, Extension settings, History Delete Directives, Device Info, User Consents, Send Tab To Self, Web Apps, History, Saved Tab Group, WebAuthn Credentials, Edge Hub App Usage, Edge Workspace, Encryption Keys; Allow fail: Passwords, Autofill Profiles, Autofill
2026-10-07 00:00:09.035: [INFO][Sync] Loading: Bookmarks
2026-10-07 00:00:09.035: [INFO][Sync] Loading: Preferences
2026-10-07 00:00:09.035: [INFO][Sync] Loading: Extensions
2026-10-07 00:00:09.035: [INFO][Sync] Loading: Sessions
2026-10-07 00:00:09.035: [INFO][Sync] Loading: Extension settings
2026-10-07 00:00:09.035: [INFO][Sync] Loading: History Delete Directives
2026-10-07 00:00:09.035: [INFO][Sync] Loading: Device Info
2026-10-07 00:00:09.035: [INFO][Sync] Loading: User Consents
2026-10-07 00:00:09.035: [INFO][Sync] Loading: Send Tab To Self
2026-10-07 00:00:09.035: [INFO][Sync] Loading: Web Apps
2026-10-07 00:00:09.035: [INFO][Sync] Loading: History
2026-10-07 00:00:09.035: [INFO][Sync] Loading: Saved Tab Group
2026-10-07 00:00:09.035: [INFO][Sync] Loading: WebAuthn Credentials
2026-10-07 00:00:09.035: [INFO][Sync] Loading: Edge Hub App Usage
2026-10-07 00:00:09.035: [INFO][Sync] Loading: Edge Workspace
2026-10-07 00:00:09.037: [INFO][Sync] All data types are ready for configure.
2026-10-07 00:00:09.499: [INFO][Sync] Connection status changed to: 2
2026-10-07 00:00:09.499: [INFO][SyncEngineBackend::DoStartConfiguration] Start configuration
2026-10-07 00:00:09.499: [INFO][SyncManagerImpl::NudgeForInitialDownload] Initial download nudge for Bookmarks
2026-10-07 00:00:09.499: [INFO][SyncManagerImpl::NudgeForInitialDownload] Initial download nudge for Preferences
2026-10-07 00:00:09.499: [INFO][SyncManagerImpl::NudgeForInitialDownload] Initial download nudge for Extensions
2026-10-07 00:00:09.499: [INFO][SyncManagerImpl::NudgeForInitialDownload] Initial download nudge for Sessions
2026-10-07 00:00:09.499: [INFO][SyncManagerImpl::NudgeForInitialDownload] Initial download nudge for Extension settings
2026-10-07 00:00:09.499: [INFO][SyncManagerImpl::NudgeForInitialDownload] Initial download nudge for History Delete Directives
2026-10-07 00:00:09.499: [INFO][SyncManagerImpl::NudgeForInitialDownload] Initial download nudge for Device Info
2026-10-07 00:00:09.499: [INFO][SyncManagerImpl::NudgeForInitialDownload] Initial download nudge for Send Tab To Self
2026-10-07 00:00:09.499: [INFO][SyncManagerImpl::NudgeForInitialDownload] Initial download nudge for Web Apps
2026-10-07 00:00:09.499: [INFO][SyncManagerImpl::NudgeForInitialDownload] Initial download nudge for History
2026-10-07 00:00:09.499: [INFO][SyncManagerImpl::NudgeForInitialDownload] Initial download nudge for Saved Tab Group
2026-10-07 00:00:09.499: [INFO][SyncManagerImpl::NudgeForInitialDownload] Initial download nudge for WebAuthn Credentials
2026-10-07 00:00:09.499: [INFO][SyncManagerImpl::NudgeForInitialDownload] Initial download nudge for Edge Hub App Usage
2026-10-07 00:00:09.499: [INFO][SyncManagerImpl::NudgeForInitialDownload] Initial download nudge for Edge Workspace
2026-10-07 00:00:09.499: [INFO][SyncManagerImpl::ConfigureSyncer] Types to download:  with reason: 3
2026-10-07 00:00:09.499: [INFO][SyncEngineBackend::DoFinishConfigureDataTypes] Failed to download types:  and succeeded types: 
2026-10-07 00:00:09.499: [INFO][Sync] ConfigurationDone, failed: , succeeded: , remaining count: 3
2026-10-07 00:00:09.499: [INFO][Sync] Prepare to configure types: Device Info, Encryption Keys
2026-10-07 00:00:09.499: [INFO][SyncManagerImpl::ConfigureSyncer] Types to download: Device Info, Encryption Keys with reason: 3
2026-10-07 00:00:09.499: [INFO][SyncSchedulerImpl::DoConfigurationSyncCycleJob] Blocked types:  and types to download: Device Info, Encryption Keys
2026-10-07 00:00:09.524: [INFO][SyncAuthManager::SetLastAuthError] Current auth error: None
2026-10-07 00:00:09.524: [INFO][SyncAuthManager::EdgeLogTokenErrorState] Token error with: None for account type: MSA
2026-10-07 00:00:09.524: [INFO][Sync] Credentials changed for: EdgeSyncKeyDataScope
2026-10-07 00:00:09.712: [INFO][SyncEngineBackend::DoFinishConfigureDataTypes] Failed to download types:  and succeeded types: Device Info, Encryption Keys
2026-10-07 00:00:09.712: [INFO][Sync] ConfigurationDone, failed: , succeeded: Device Info, Encryption Keys, remaining count: 2
2026-10-07 00:00:09.712: [INFO][Sync] Prepare to configure types: Bookmarks, Preferences, Extensions, Sessions, Extension settings, History Delete Directives, Send Tab To Self, Web Apps, Saved Tab Group, WebAuthn Credentials, Edge Hub App Usage, Edge Workspace, Encryption Keys
2026-10-07 00:00:09.867: [INFO][SyncEngineBackend::DoUpdateKeyDataCredentials] Update key data credentials
2026-10-07 00:00:09.867: [INFO][Sync] Connection status changed to: 2
2026-10-07 00:00:09.867: [INFO][SyncManagerImpl::ConfigureSyncer] Types to download: Bookmarks, Preferences, Extensions, Sessions, Extension settings, History Delete Directives, Send Tab To Self, Web Apps, Saved Tab Group, WebAuthn Credentials, Edge Hub App Usage, Edge Workspace, Encryption Keys with reason: 3
2026-10-07 00:00:09.867: [INFO][SyncSchedulerImpl::DoConfigurationSyncCycleJob] Blocked types:  and types to download: Bookmarks, Preferences, Extensions, Sessions, Extension settings, History Delete Directives, Send Tab To Self, Web Apps, Saved Tab Group, WebAuthn Credentials, Edge Hub App Usage, Edge Workspace, Encryption Keys
2026-10-07 00:00:10.183: [INFO][SyncEngineBackend::DoFinishConfigureDataTypes] Failed to download types:  and succeeded types: Bookmarks, Preferences, Extensions, Sessions, Extension settings, History Delete Directives, Send Tab To Self, Web Apps, Saved Tab Group, WebAuthn Credentials, Edge Hub App Usage, Edge Workspace, Encryption Keys
2026-10-07 00:00:10.190: [INFO][Sync] ConfigurationDone, failed: , succeeded: Bookmarks, Preferences, Extensions, Sessions, Extension settings, History Delete Directives, Send Tab To Self, Web Apps, Saved Tab Group, WebAuthn Credentials, Edge Hub App Usage, Edge Workspace, Encryption Keys, remaining count: 1
2026-10-07 00:00:10.190: [INFO][Sync] Prepare to configure types: History, Encryption Keys
2026-10-07 00:00:10.473: [INFO][SyncAuthManager::SetLastAuthError] Current auth error: None
2026-10-07 00:00:10.473: [INFO][SyncAuthManager::EdgeLogTokenErrorState] Token error with: None for account type: MSA
2026-10-07 00:00:10.473: [INFO][Sync] Credentials changed for: EdgeSyncScopeNew
2026-10-07 00:00:10.591: [INFO][Sync] Connection status changed to: 2
2026-10-07 00:00:10.591: [INFO][SyncManagerImpl::ConfigureSyncer] Types to download: History, Encryption Keys with reason: 3
2026-10-07 00:00:10.591: [INFO][SyncSchedulerImpl::DoConfigurationSyncCycleJob] Blocked types:  and types to download: History, Encryption Keys
2026-10-07 00:00:11.003: [INFO][SyncEngineBackend::DoFinishConfigureDataTypes] Failed to download types:  and succeeded types: History, Encryption Keys
2026-10-07 00:00:11.003: [INFO][Sync] ConfigurationDone, failed: , succeeded: History, Encryption Keys, remaining count: 0
2026-10-07 00:00:11.003: [INFO][Sync]     Configuration completed, state: 3
2026-10-07 00:00:11.003: [INFO][Sync] Configured DataTypeManager: Ok
2026-10-07 00:00:11.004: [INFO][SyncEngineBackend::DoStartSyncing] Start syncing
2026-10-07 00:00:11.669: [INFO][SyncAuthManager::SetLastAuthError] Current auth error: None
2026-10-07 00:00:11.670: [INFO][SyncAuthManager::EdgeLogTokenErrorState] Token error with: None for account type: MSA
2026-10-07 00:00:11.670: [INFO][Sync] Credentials changed for: EdgeSyncKeyDataScope
2026-10-07 00:00:12.200: [INFO][SyncEngineBackend::DoUpdateKeyDataCredentials] Update key data credentials
2026-10-07 00:00:12.200: [INFO][SyncEngineBackend::DoUpdateCredentials] Update credentials
2026-10-07 00:00:12.263: [INFO][SyncAuthManager::SetLastAuthError] Current auth error: None
2026-10-07 00:00:12.263: [INFO][SyncAuthManager::EdgeLogTokenErrorState] Token error with: None for account type: MSA
2026-10-07 00:00:12.263: [INFO][Sync] Credentials changed for: EdgeSyncScopeNew
2026-10-07 00:00:12.263: [INFO][SyncEngineBackend::DoUpdateCredentials] Update credentials
2026-10-07 00:00:12.263: [INFO][SyncEngineBackend::DoUpdateKeyDataCredentials] Update key data credentials
2026-10-07 00:00:20.472: [INFO][Sync] Reset engine, reason: 0
2026-10-07 00:00:20.472: [INFO][Sync] Reset engine with reason: 0
2026-10-07 01:11:35.553: [INFO][Sync] SyncState after authenticated was: FeatureCanStart
2026-10-07 01:11:35.670: [INFO][SyncAuthManager::SetLastAuthError] Current auth error: None
2026-10-07 01:11:35.670: [INFO][SyncAuthManager::EdgeLogTokenErrorState] Token error with: None for account type: MSA
2026-10-07 01:11:35.670: [INFO][Sync] Credentials changed for: EdgeSyncKeyDataScope
2026-10-07 01:11:35.749: [INFO][Sync] Try to start sync engine
2026-10-07 01:11:35.749: [INFO][SyncEngineBackend::LoadAndConnectNigoriController] Load and connect Nigori controller
2026-10-07 01:11:35.749: [INFO][SyncEngineBackend::DoInitialize] Control Types added: 
2026-10-07 01:11:35.749: [INFO][SyncManagerImpl::ConfigureSyncer] Types to download:  with reason: 4
2026-10-07 01:11:35.749: [INFO][SyncEngineBackend::DoUpdateKeyDataCredentials] Update key data credentials
2026-10-07 01:11:35.750: [INFO][Sync] Started DataTypeManager configuration, reason: 4
2026-10-07 01:11:35.750: [INFO][Sync] Configuring for: Bookmarks, Preferences, Passwords, Autofill Profiles, Autofill, Extensions, Sessions, Extension settings, History Delete Directives, Device Info, User Consents, Send Tab To Self, Web Apps, History, Saved Tab Group, WebAuthn Credentials, Edge Hub App Usage, Edge Workspace, Encryption Keys, reason: 4, current state: 0
2026-10-07 01:11:35.750: [WARN][Sync] Crypto error data types: Passwords, Autofill Profiles, Autofill
2026-10-07 01:11:35.750: [INFO][SyncEngineBackend::DoStartConfiguration] Start configuration
2026-10-07 01:11:35.750: [INFO][Sync] Configure, desired: Bookmarks, Preferences, Extensions, Sessions, Extension settings, History Delete Directives, Device Info, User Consents, Send Tab To Self, Web Apps, History, Saved Tab Group, WebAuthn Credentials, Edge Hub App Usage, Edge Workspace, Encryption Keys; Allow fail: Passwords, Autofill Profiles, Autofill
2026-10-07 01:11:35.750: [INFO][Sync] Loading: Bookmarks
2026-10-07 01:11:35.750: [ERROR][Sync] Load Preferences, failed: ConstructDataTypeStoreOnFrontendSequence@components\sync\model\data_type_store_service_impl.cc:95 - Model error type: 86
2026-10-07 01:11:35.750: [ERROR][Sync] Stoping type: Preferences, error: ConstructDataTypeStoreOnFrontendSequence@components\sync\model\data_type_store_service_impl.cc:95 - Model error type: 86
2026-10-07 01:11:35.750: [INFO][Sync] Loading: Preferences
2026-10-07 01:11:35.750: [ERROR][Sync] Load Extensions, failed: ConstructDataTypeStoreOnFrontendSequence@components\sync\model\data_type_store_service_impl.cc:95 - Model error type: 86
2026-10-07 01:11:35.750: [ERROR][Sync] Stoping type: Extensions, error: ConstructDataTypeStoreOnFrontendSequence@components\sync\model\data_type_store_service_impl.cc:95 - Model error type: 86
2026-10-07 01:11:35.750: [INFO][Sync] Loading: Extensions
2026-10-07 01:11:35.750: [INFO][Sync] Loading: Sessions
2026-10-07 01:11:35.750: [INFO][Sync] Loading: Extension settings
2026-10-07 01:11:35.750: [ERROR][Sync] Load History Delete Directives, failed: ConstructDataTypeStoreOnFrontendSequence@components\sync\model\data_type_store_service_impl.cc:95 - Model error type: 86
2026-10-07 01:11:35.750: [ERROR][Sync] Stoping type: History Delete Directives, error: ConstructDataTypeStoreOnFrontendSequence@components\sync\model\data_type_store_service_impl.cc:95 - Model error type: 86
2026-10-07 01:11:35.750: [INFO][Sync] Loading: History Delete Directives
2026-10-07 01:11:35.750: [ERROR][Sync] Load Device Info, failed: OnStoreCreated@components\sync_device_info\device_info_sync_bridge.cc:1004 - Model error type: 94
2026-10-07 01:11:35.750: [ERROR][Sync] Stoping type: Device Info, error: OnStoreCreated@components\sync_device_info\device_info_sync_bridge.cc:1004 - Model error type: 94
2026-10-07 01:11:35.750: [INFO][Sync] Loading: Device Info
2026-10-07 01:11:35.750: [ERROR][Sync] Load User Consents, failed: ConstructDataTypeStoreOnFrontendSequence@components\sync\model\data_type_store_service_impl.cc:95 - Model error type: 86
2026-10-07 01:11:35.750: [ERROR][Sync] Stoping type: User Consents, error: ConstructDataTypeStoreOnFrontendSequence@components\sync\model\data_type_store_service_impl.cc:95 - Model error type: 86
2026-10-07 01:11:35.750: [INFO][Sync] Loading: User Consents
2026-10-07 01:11:35.750: [ERROR][Sync] Load Send Tab To Self, failed: ConstructDataTypeStoreOnFrontendSequence@components\sync\model\data_type_store_service_impl.cc:95 - Model error type: 86
2026-10-07 01:11:35.750: [ERROR][Sync] Stoping type: Send Tab To Self, error: ConstructDataTypeStoreOnFrontendSequence@components\sync\model\data_type_store_service_impl.cc:95 - Model error type: 86
2026-10-07 01:11:35.750: [INFO][Sync] Loading: Send Tab To Self
2026-10-07 01:11:35.750: [ERROR][Sync] Load Web Apps, failed: OnDatabaseOpened@chrome\browser\web_applications\web_app_sync_bridge.cc:839 - Model error type: 76
2026-10-07 01:11:35.750: [ERROR][Sync] Stoping type: Web Apps, error: OnDatabaseOpened@chrome\browser\web_applications\web_app_sync_bridge.cc:839 - Model error type: 76
2026-10-07 01:11:35.750: [INFO][Sync] Loading: Web Apps
2026-10-07 01:11:35.750: [INFO][Sync] Loading: History
2026-10-07 01:11:35.750: [ERROR][Sync] Load Saved Tab Group, failed: ConstructDataTypeStoreOnFrontendSequence@components\sync\model\data_type_store_service_impl.cc:95 - Model error type: 86
2026-10-07 01:11:35.750: [ERROR][Sync] Stoping type: Saved Tab Group, error: ConstructDataTypeStoreOnFrontendSequence@components\sync\model\data_type_store_service_impl.cc:95 - Model error type: 86
2026-10-07 01:11:35.750: [INFO][Sync] Loading: Saved Tab Group
2026-10-07 01:11:35.750: [ERROR][Sync] Load WebAuthn Credentials, failed: ConstructDataTypeStoreOnFrontendSequence@components\sync\model\data_type_store_service_impl.cc:95 - Model error type: 86
2026-10-07 01:11:35.750: [ERROR][Sync] Stoping type: WebAuthn Credentials, error: ConstructDataTypeStoreOnFrontendSequence@components\sync\model\data_type_store_service_impl.cc:95 - Model error type: 86
2026-10-07 01:11:35.750: [INFO][Sync] Loading: WebAuthn Credentials
2026-10-07 01:11:35.750: [INFO][Sync] Loading: Edge Hub App Usage
2026-10-07 01:11:35.750: [ERROR][Sync] Load Edge Workspace, failed: ConstructDataTypeStoreOnFrontendSequence@components\sync\model\data_type_store_service_impl.cc:95 - Model error type: 86
2026-10-07 01:11:35.750: [ERROR][Sync] Stoping type: Edge Workspace, error: ConstructDataTypeStoreOnFrontendSequence@components\sync\model\data_type_store_service_impl.cc:95 - Model error type: 86
2026-10-07 01:11:35.750: [INFO][Sync] Loading: Edge Workspace
2026-10-07 01:11:35.751: [ERROR][Sync] Load Sessions, failed: ConstructDataTypeStoreOnFrontendSequence@components\sync\model\data_type_store_service_impl.cc:95 - Model error type: 86
2026-10-07 01:11:35.751: [ERROR][Sync] Stoping type: Sessions, error: ConstructDataTypeStoreOnFrontendSequence@components\sync\model\data_type_store_service_impl.cc:95 - Model error type: 86
2026-10-07 01:11:35.751: [ERROR][Sync] Load Extension settings, failed: ConstructDataTypeStoreOnFrontendSequence@components\sync\model\data_type_store_service_impl.cc:95 - Model error type: 86
2026-10-07 01:11:35.751: [ERROR][Sync] Stoping type: Extension settings, error: ConstructDataTypeStoreOnFrontendSequence@components\sync\model\data_type_store_service_impl.cc:95 - Model error type: 86
2026-10-07 01:11:35.751: [ERROR][Sync] Load Edge Hub App Usage, failed: EdgeHubAppUsageSyncBridge@components\edge_hub_apps\sync\edge_hub_app_usage_sync_bridge.cc:55: ModelTypeStore for Hub App Usage initialization failed
2026-10-07 01:11:35.751: [ERROR][Sync] Stoping type: Edge Hub App Usage, error: EdgeHubAppUsageSyncBridge@components\edge_hub_apps\sync\edge_hub_app_usage_sync_bridge.cc:55: ModelTypeStore for Hub App Usage initialization failed
2026-10-07 01:11:35.751: [INFO][Sync] Configuring for: Bookmarks, Preferences, Passwords, Autofill Profiles, Autofill, Extensions, Sessions, Extension settings, History Delete Directives, Device Info, User Consents, Send Tab To Self, Web Apps, History, Saved Tab Group, WebAuthn Credentials, Edge Hub App Usage, Edge Workspace, Encryption Keys, reason: 6, current state: 2
2026-10-07 01:11:35.751: [WARN][Sync] Crypto error data types: 
2026-10-07 01:11:35.751: [INFO][Sync] Configure, desired: Bookmarks, History, Encryption Keys; Allow fail: Preferences, Passwords, Autofill Profiles, Autofill, Extensions, Sessions, Extension settings, History Delete Directives, Device Info, User Consents, Send Tab To Self, Web Apps, Saved Tab Group, WebAuthn Credentials, Edge Hub App Usage, Edge Workspace
2026-10-07 01:11:35.751: [INFO][Sync] All data types are ready for configure.
2026-10-07 01:11:35.751: [INFO][SyncManagerImpl::ConfigureSyncer] Types to download:  with reason: 6
2026-10-07 01:11:35.751: [INFO][SyncEngineBackend::DoFinishConfigureDataTypes] Failed to download types:  and succeeded types: 
2026-10-07 01:11:35.751: [INFO][Sync] ConfigurationDone, failed: , succeeded: , remaining count: 2
2026-10-07 01:11:35.751: [INFO][SyncManagerImpl::ConfigureSyncer] Types to download:  with reason: 6
2026-10-07 01:11:35.751: [INFO][SyncEngineBackend::DoFinishConfigureDataTypes] Failed to download types:  and succeeded types: 
2026-10-07 01:11:35.751: [INFO][Sync] ConfigurationDone, failed: , succeeded: , remaining count: 1
2026-10-07 01:11:35.751: [INFO][SyncManagerImpl::ConfigureSyncer] Types to download:  with reason: 6
2026-10-07 01:11:35.751: [INFO][SyncEngineBackend::DoFinishConfigureDataTypes] Failed to download types:  and succeeded types: 
2026-10-07 01:11:35.751: [INFO][Sync] ConfigurationDone, failed: , succeeded: , remaining count: 0
2026-10-07 01:11:35.751: [INFO][Sync]     Configuration completed, state: 7
2026-10-07 01:11:35.751: [INFO][Sync] Configured DataTypeManager: Ok
2026-10-07 01:11:35.752: [INFO][SyncEngineBackend::DoStartSyncing] Start syncing
2026-10-07 01:11:35.753: [INFO][SyncAuthManager::SetLastAuthError] Current auth error: None
2026-10-07 01:11:35.753: [INFO][SyncAuthManager::EdgeLogTokenErrorState] Token error with: None for account type: MSA
2026-10-07 01:11:35.753: [INFO][Sync] Credentials changed for: EdgeSyncScopeNew
2026-10-07 01:11:35.753: [INFO][SyncEngineBackend::DoUpdateCredentials] Update credentials
2026-10-07 01:11:35.753: [INFO][SyncEngineBackend::DoUpdateKeyDataCredentials] Update key data credentials
2026-10-07 01:11:37.243: [INFO][Sync] Started DataTypeManager configuration, reason: 5
2026-10-07 01:11:37.243: [INFO][Sync] Configuring for: Bookmarks, Preferences, Passwords, Autofill Profiles, Autofill, Extensions, Sessions, Extension settings, History Delete Directives, Device Info, User Consents, Send Tab To Self, Web Apps, History, Saved Tab Group, WebAuthn Credentials, Edge Hub App Usage, Edge Workspace, Encryption Keys, reason: 5, current state: 3
2026-10-07 01:11:37.244: [INFO][Sync] Configure, desired: Bookmarks, Passwords, Autofill Profiles, Autofill, History, Encryption Keys; Allow fail: Preferences, Extensions, Sessions, Extension settings, History Delete Directives, Device Info, User Consents, Send Tab To Self, Web Apps, Saved Tab Group, WebAuthn Credentials, Edge Hub App Usage, Edge Workspace
2026-10-07 01:11:37.244: [INFO][Sync] Loading: Passwords
2026-10-07 01:11:37.244: [INFO][Sync] Loading: Autofill Profiles
2026-10-07 01:11:37.244: [INFO][Sync] Loading: Autofill
2026-10-07 01:11:37.244: [INFO][Sync] All data types are ready for configure.
2026-10-07 01:11:37.246: [INFO][SyncEngineBackend::DoStartConfiguration] Start configuration
2026-10-07 01:11:37.246: [INFO][SyncManagerImpl::NudgeForInitialDownload] Initial download nudge for Passwords
2026-10-07 01:11:37.246: [INFO][SyncManagerImpl::NudgeForInitialDownload] Initial download nudge for Autofill Profiles
2026-10-07 01:11:37.246: [INFO][SyncManagerImpl::NudgeForInitialDownload] Initial download nudge for Autofill
2026-10-07 01:11:37.246: [INFO][SyncManagerImpl::ConfigureSyncer] Types to download:  with reason: 5
2026-10-07 01:11:37.246: [INFO][SyncEngineBackend::DoFinishConfigureDataTypes] Failed to download types:  and succeeded types: 
2026-10-07 01:11:37.246: [INFO][Sync] ConfigurationDone, failed: , succeeded: , remaining count: 3
2026-10-07 01:11:37.246: [INFO][Sync] Prepare to configure types: Passwords, Encryption Keys
2026-10-07 01:11:37.246: [INFO][SyncManagerImpl::ConfigureSyncer] Types to download: Passwords, Encryption Keys with reason: 5
2026-10-07 01:11:37.246: [INFO][SyncSchedulerImpl::DoConfigurationSyncCycleJob] Blocked types:  and types to download: Passwords, Encryption Keys
2026-10-07 01:11:37.619: [INFO][SyncEngineBackend::DoFinishConfigureDataTypes] Failed to download types:  and succeeded types: Passwords, Encryption Keys
2026-10-07 01:11:37.621: [INFO][Sync] ConfigurationDone, failed: , succeeded: Passwords, Encryption Keys, remaining count: 2
2026-10-07 01:11:37.621: [INFO][Sync] Prepare to configure types: Autofill Profiles, Autofill, Encryption Keys
2026-10-07 01:11:37.621: [INFO][SyncManagerImpl::ConfigureSyncer] Types to download: Autofill Profiles, Autofill, Encryption Keys with reason: 5
2026-10-07 01:11:37.621: [INFO][SyncSchedulerImpl::DoConfigurationSyncCycleJob] Blocked types:  and types to download: Autofill Profiles, Autofill, Encryption Keys
2026-10-07 01:11:37.981: [INFO][SyncEngineBackend::DoFinishConfigureDataTypes] Failed to download types:  and succeeded types: Autofill Profiles, Autofill, Encryption Keys
2026-10-07 01:11:37.981: [INFO][Sync] ConfigurationDone, failed: , succeeded: Autofill Profiles, Autofill, Encryption Keys, remaining count: 1
2026-10-07 01:11:37.981: [INFO][SyncManagerImpl::ConfigureSyncer] Types to download:  with reason: 5
2026-10-07 01:11:37.981: [INFO][SyncEngineBackend::DoFinishConfigureDataTypes] Failed to download types:  and succeeded types: 
2026-10-07 01:11:37.981: [INFO][Sync] ConfigurationDone, failed: , succeeded: , remaining count: 0
2026-10-07 01:11:37.981: [INFO][Sync]     Configuration completed, state: 3
2026-10-07 01:11:37.981: [INFO][Sync] Configured DataTypeManager: Ok
2026-10-07 01:11:37.981: [INFO][SyncEngineBackend::DoStartSyncing] Start syncing
2026-10-07 01:11:41.338: [INFO][Sync] Reset engine, reason: 0
2026-10-07 01:11:41.338: [INFO][Sync] Reset engine with reason: 0
