2026-10-07 00:00:07.864: [INFO] CurrentProfilePath: F:\UMT-Ikemen-\.umt-launcher\browser-profile\Default
2026-10-07 00:00:07.864: [INFO] Profiles total count: 1
2026-10-07 00:00:07.864: [INFO] Profile: name=Profile 1 path=F:\UMT-Ikemen-\.umt-launcher\browser-profile\Default lastActive=2026-10-07T00:00:07.852Z
2026-10-07 00:00:07.864: [INFO] LastUsedProfileDir: F:\UMT-Ikemen-\.umt-launcher\browser-profile\Default
2026-10-07 00:00:07.864: [INFO] MostRecentlyActiveProfile: name=Profile 1 path=F:\UMT-Ikemen-\.umt-launcher\browser-profile\Default lastActive=2026-10-07T00:00:07.852Z
2026-10-07 00:00:07.864: [INFO] OnDoneLoading sync enabled: 0
2026-10-07 00:00:07.864: [INFO] BookmarkModelLoaded, ids_reassigned: 0
2026-10-07 00:00:07.864: [INFO] BookmarksLoadDropped droppedNodes=0
2026-10-07 00:00:07.864: [INFO] BookmarksSnapshot Startup total=0 bar=0 other=0 mobile=0 showBar=0 showBarNTP=1
2026-10-07 00:00:07.907: [INFO] RecordSyncInitDuration has_sync_been_enabled: 0 state: 0
2026-10-07 00:00:08.593: [INFO] RecordSyncInitDuration has_sync_been_enabled: 0 state: 0
2026-10-07 00:00:08.594: [INFO] RecordSyncInitDuration has_sync_been_enabled: 0 state: 3
2026-10-07 00:00:08.595: [INFO] Primary account changed.
2026-10-07 00:00:08.595: [INFO] OnPrimaryAccountChanged PrimaryAccountChangeEvent::Type::kSet
2026-10-07 00:00:08.599: [INFO] RecordSyncInitDuration has_sync_been_enabled: 0 state: 3
2026-10-07 00:00:08.607: [INFO] RecordSyncInitDuration has_sync_been_enabled: 0 state: 3
2026-10-07 00:00:10.181: [INFO] BookmarkNodeAdded, ABU: 0
2026-10-07 00:00:10.181: [INFO] BookmarkNodeAdded, ABU: 0
2026-10-07 00:00:10.181: [INFO] BookmarkNodeAdded, ABU: 0
2026-10-07 00:00:10.181: [INFO] BookmarkNodeAdded, ABU: 0
2026-10-07 00:00:10.181: [INFO] BookmarkNodeAdded, ABU: 0
2026-10-07 00:00:10.181: [INFO] BookmarkNodeAdded, ABU: 0
2026-10-07 00:00:10.181: [INFO] BookmarkNodeAdded, ABU: 0
2026-10-07 00:00:10.181: [INFO] BookmarkNodeAdded, ABU: 0
2026-10-07 00:00:10.182: [INFO] BookmarkNodeAdded, ABU: 0
2026-10-07 00:00:10.182: [INFO] BookmarkNodeAdded, ABU: 0
2026-10-07 00:00:10.182: [INFO] BookmarkNodeAdded, ABU: 0
2026-10-07 00:00:10.182: [INFO] BookmarkNodeAdded, ABU: 0
2026-10-07 00:00:10.182: [INFO] BookmarkNodeAdded, ABU: 0
2026-10-07 00:00:10.182: [INFO] BookmarkNodeAdded, ABU: 0
2026-10-07 00:00:10.182: [INFO] BookmarkNodeAdded, ABU: 0
2026-10-07 00:00:10.182: [INFO] BookmarkNodeAdded, ABU: 0
2026-10-07 00:00:10.183: [INFO] BookmarkNodeAdded, ABU: 0
2026-10-07 00:00:10.183: [INFO] BookmarkNodeAdded, ABU: 0
2026-10-07 00:00:10.183: [INFO] BookmarkNodeAdded, ABU: 0
2026-10-07 00:00:10.183: [INFO] BookmarkNodeAdded, ABU: 0
2026-10-07 00:00:10.183: [INFO] BookmarkNodeAdded, ABU: 0
2026-10-07 00:00:10.183: [INFO] BookmarkNodeAdded, ABU: 0
2026-10-07 00:00:10.183: [INFO] BookmarkNodeAdded, ABU: 0
2026-10-07 00:00:10.183: [INFO] BookmarkNodeAdded, ABU: 0
2026-10-07 00:00:10.183: [INFO] BookmarkNodeAdded, ABU: 0
2026-10-07 00:00:10.183: [INFO] BookmarkNodeAdded, ABU: 0
2026-10-07 00:00:10.183: [INFO] BookmarkNodeAdded, ABU: 0
2026-10-07 00:00:10.184: [INFO] BookmarkNodeAdded, ABU: 0
2026-10-07 00:00:10.184: [INFO] BookmarkNodeAdded, ABU: 0
2026-10-07 00:00:10.184: [INFO] BookmarkNodeAdded, ABU: 0
2026-10-07 00:00:10.184: [INFO] BookmarkNodeAdded, ABU: 0
2026-10-07 00:00:10.184: [INFO] BookmarkNodeAdded, ABU: 0
2026-10-07 00:00:10.184: [INFO] BookmarkNodeAdded, ABU: 0
2026-10-07 00:00:10.184: [INFO] BookmarkNodeAdded, ABU: 0
2026-10-07 00:00:10.184: [INFO] BookmarkNodeAdded, ABU: 0
2026-10-07 00:00:10.184: [INFO] BookmarkNodeAdded, ABU: 0
2026-10-07 00:00:10.184: [INFO] BookmarkNodeAdded, ABU: 0
2026-10-07 00:00:10.185: [INFO] BookmarkNodeAdded, ABU: 0
2026-10-07 00:00:10.185: [INFO] BookmarkNodeAdded, ABU: 0
2026-10-07 00:00:10.185: [INFO] BookmarkNodeAdded, ABU: 0
2026-10-07 00:00:10.188: [INFO] BookmarkBarPrefChanged showBar=0 showBarNTP=1
2026-10-07 00:00:11.004: [INFO] Sync initialization duration: 2350ms
2026-10-07 00:00:20.472: [INFO] BookmarksSnapshot Shutdown total=39 bar=5 other=33 mobile=0 showBar=0 showBarNTP=1
2026-10-07 01:11:35.630: [INFO] CurrentProfilePath: F:\UMT-Ikemen-\.umt-launcher\browser-profile\Default
2026-10-07 01:11:35.630: [INFO] Profiles total count: 1
2026-10-07 01:11:35.630: [INFO] Profile: name=Personal path=F:\UMT-Ikemen-\.umt-launcher\browser-profile\Default lastActive=2026-10-07T01:11:35.617Z
2026-10-07 01:11:35.630: [INFO] LastUsedProfileDir: F:\UMT-Ikemen-\.umt-launcher\browser-profile\Default
2026-10-07 01:11:35.630: [INFO] MostRecentlyActiveProfile: name=Personal path=F:\UMT-Ikemen-\.umt-launcher\browser-profile\Default lastActive=2026-10-07T01:11:35.617Z
2026-10-07 01:11:35.630: [INFO] OnDoneLoading sync enabled: 1
2026-10-07 01:11:35.630: [INFO] BookmarkModelLoaded, ids_reassigned: 0
2026-10-07 01:11:35.630: [INFO] BookmarksLoadDropped droppedNodes=0
2026-10-07 01:11:35.630: [INFO] BookmarksSnapshot Startup total=39 bar=5 other=33 mobile=0 showBar=0 showBarNTP=1
2026-10-07 01:11:35.751: [INFO] Sync initialization duration: 2ms
2026-10-07 01:11:41.338: [INFO] BookmarksSnapshot Shutdown total=39 bar=5 other=33 mobile=0 showBar=0 showBarNTP=1
