Version: v1.0.0
Build Time: 2026.09.12
Platform: windows (amd64)
OpenGL 3.3
RAM in Use: 250 MB / OS Reserved: 727 MB
Active Goroutines: 2
Timestamp: 2026-09-27 20:16:51

Engine error

Error: runtime error: index out of range [0] with length 0
goroutine 1 [running, locked to thread]:
github.com/yuin/gopher-lua.(*LState).PCall.func1()
	github.com/yuin/gopher-lua@v1.1.0/state.go:1988 +0x212
panic({0x7ff7953cfce0, 0xc00b8fad98})
	runtime/panic.go:884 +0x213
main.(*FightScreenRound).handleRoundOutro(0xc003800000)
	github.com/ikemen-engine/Ikemen-GO/src/fightscreen.go:3678 +0x7bb
main.(*FightScreenRound).act(0xc003800000)
	github.com/ikemen-engine/Ikemen-GO/src/fightscreen.go:3501 +0x305
main.(*System).stepRoundState(0x7ff7952c0c20)
	github.com/ikemen-engine/Ikemen-GO/src/system.go:3276 +0x45
main.(*System).action(0x7ff7952c0c20)
	github.com/ikemen-engine/Ikemen-GO/src/system.go:2806 +0xef
main.(*System).runMatch(0x7ff7952c0c20)
	github.com/ikemen-engine/Ikemen-GO/src/system.go:4103 +0x515
main.systemScriptInit.func79.3()
	github.com/ikemen-engine/Ikemen-GO/src/script.go:3145 +0x4b1
main.systemScriptInit.func79(0xc000572dc0)
	github.com/ikemen-engine/Ikemen-GO/src/script.go:3207 +0x403
github.com/yuin/gopher-lua.callGFunction(0xc000572dc0, 0x0)
	github.com/yuin/gopher-lua@v1.1.0/vm.go:202 +0x37
github.com/yuin/gopher-lua.init.3.func26(0xc000572dc0, 0x90000400?, 0xc000220000?)
	github.com/yuin/gopher-lua@v1.1.0/vm.go:821 +0x379
github.com/yuin/gopher-lua.mainLoop(0xc000572dc0, 0xc000973940?)
	github.com/yuin/gopher-lua@v1.1.0/vm.go:31 +0xfa
github.com/yuin/gopher-lua.(*LState).callR(0xc000572dc0, 0x0, 0xffffffffffffffff, 0xc0004c2008?)
	github.com/yuin/gopher-lua@v1.1.0/state.go:1211 +0x1b4
github.com/yuin/gopher-lua.(*LState).Call(...)
	github.com/yuin/gopher-lua@v1.1.0/state.go:1967
github.com/yuin/gopher-lua.(*LState).PCall(0xc000572dc0, 0x0, 0xc000973940?, 0x0)
	github.com/yuin/gopher-lua@v1.1.0/state.go:2030 +0x145
github.com/yuin/gopher-lua.(*LState).DoFile(0xc000572dc0, {0xc00029d841?, 0x18?})
	github.com/yuin/gopher-lua@v1.1.0/auxlib.go:396 +0x6b
main.realMain()
	github.com/ikemen-engine/Ikemen-GO/src/main.go:201 +0x4ec
main.main()
	github.com/ikemen-engine/Ikemen-GO/src/main.go:59 +0x17

stack traceback:
	[G]: in function 'game'
	.\external\script\start.lua:1758: in function 'f_game'
	.\external\script\start.lua:2380: in function 'launchFight'
	@external/script/default.lua:2: in function <@external/script/default.lua:0>
	.\external\script\start.lua:1829: in function 'f'
	external/script/main.lua:2704: in function 'loop'
	external/script/main.lua:4044: in main chunk
	[G]: ?

Go stack traceback:
goroutine 1 [running, locked to thread]:
runtime/debug.Stack()
	runtime/debug/stack.go:24 +0x65
main.handlePanic({0x7ff795364960?, 0xc003b2b440})
	github.com/ikemen-engine/Ikemen-GO/src/main.go:372 +0x408
main.realMain.func1()
	github.com/ikemen-engine/Ikemen-GO/src/main.go:66 +0x2a
panic({0x7ff795364960, 0xc003b2b440})
	runtime/panic.go:884 +0x213
main.realMain()
	github.com/ikemen-engine/Ikemen-GO/src/main.go:206 +0x573
main.main()
	github.com/ikemen-engine/Ikemen-GO/src/main.go:59 +0x17
